test_capacity_values_match_research_notes (test_capacity_threshold.CapacityThresholdTests.test_capacity_values_match_research_notes) ... ok
test_entropy_inverse_round_trip (test_capacity_threshold.CapacityThresholdTests.test_entropy_inverse_round_trip) ... ok
test_log_q_ball_matches_exact_small_cases (test_capacity_threshold.CapacityThresholdTests.test_log_q_ball_matches_exact_small_cases) ... ok
test_m_improves_folded_threshold_toward_capacity (test_capacity_threshold.CapacityThresholdTests.test_m_improves_folded_threshold_toward_capacity) ... ok
test_volume_grid_does_not_exceed_entropy_by_more_than_one_step (test_capacity_threshold.CapacityThresholdTests.test_volume_grid_does_not_exceed_entropy_by_more_than_one_step) ... ok
test_exact_profile_refuses_large_received_space (test_exact_search.ExactSearchTests.test_exact_profile_refuses_large_received_space) ... ok
test_folded_smoke (test_exact_search.ExactSearchTests.test_folded_smoke) ... ok
test_interleaved_smoke (test_exact_search.ExactSearchTests.test_interleaved_smoke) ... ok
test_repetition_code_profile (test_exact_search.ExactSearchTests.test_repetition_code_profile) ... ok
test_scalar_rs_7_6_3_boundary (test_exact_search.ExactSearchTests.test_scalar_rs_7_6_3_boundary) ... ok
test_symbol_min_distance_folded (test_exact_search.ExactSearchTests.test_symbol_min_distance_folded) ... ok
test_tiny_scalar_rs_min_distance_boundary (test_exact_search.ExactSearchTests.test_tiny_scalar_rs_min_distance_boundary) ... ok
test_tiny_scalar_rs_profile (test_exact_search.ExactSearchTests.test_tiny_scalar_rs_profile) ... ok
test_factor (test_finite_field.FiniteFieldTests.test_factor) ... ok
test_is_prime (test_finite_field.FiniteFieldTests.test_is_prime) ... ok
test_primitive_root_generates_field_units (test_finite_field.FiniteFieldTests.test_primitive_root_generates_field_units) ... ok
test_random_domain (test_finite_field.FiniteFieldTests.test_random_domain) ... ok
test_smooth_domain_rejects_invalid_size (test_finite_field.FiniteFieldTests.test_smooth_domain_rejects_invalid_size) ... ok
test_smooth_domain_subgroup (test_finite_field.FiniteFieldTests.test_smooth_domain_subgroup) ... ok
test_distinct_coset_unions_emit_distinct_polynomials (test_lower_bound_constructions.LowerBoundConstructionTests.test_distinct_coset_unions_emit_distinct_polynomials) ... ok
test_lower_bound_grid_smoke (test_lower_bound_constructions.LowerBoundConstructionTests.test_lower_bound_grid_smoke) ... ok
test_pair_construction_count (test_lower_bound_constructions.LowerBoundConstructionTests.test_pair_construction_count) ... ok
test_reject_invalid_divisibility_cases (test_lower_bound_constructions.LowerBoundConstructionTests.test_reject_invalid_divisibility_cases) ... ok
test_subgroup_generator_has_expected_order (test_lower_bound_constructions.LowerBoundConstructionTests.test_subgroup_generator_has_expected_order) ... ok
test_validated_binomial_row_is_coset_union_construction (test_lower_bound_constructions.LowerBoundConstructionTests.test_validated_binomial_row_is_coset_union_construction) ... ok
test_validated_pure_monomial_center_also_matches_exact_count (test_lower_bound_constructions.LowerBoundConstructionTests.test_validated_pure_monomial_center_also_matches_exact_count) ... ok
test_vanishing_polynomial_uses_only_ell_periodic_powers (test_lower_bound_constructions.LowerBoundConstructionTests.test_vanishing_polynomial_uses_only_ell_periodic_powers) ... ok
test_flagship_counterexample (test_quotient_lower_bound_search.QuotientLowerBoundSearchTests.test_flagship_counterexample) ... ok
test_generated_rows_include_M_225_q256_candidate (test_quotient_lower_bound_search.QuotientLowerBoundSearchTests.test_generated_rows_include_M_225_q256_candidate) ... ok
test_hardcoded_flagship_prime (test_quotient_lower_bound_search.QuotientLowerBoundSearchTests.test_hardcoded_flagship_prime) ... ok
test_is_B_smooth (test_quotient_lower_bound_search.QuotientLowerBoundSearchTests.test_is_B_smooth) ... ok
test_materialization_selection_includes_M_225_candidate (test_quotient_lower_bound_search.QuotientLowerBoundSearchTests.test_materialization_selection_includes_M_225_candidate) ... ok
test_materialize_candidate_smoke (test_quotient_lower_bound_search.QuotientLowerBoundSearchTests.test_materialize_candidate_smoke) ... ok
test_power_of_two_quotient_collapses_for_dyadic_rate (test_quotient_lower_bound_search.QuotientLowerBoundSearchTests.test_power_of_two_quotient_collapses_for_dyadic_rate) ... ok
test_prime_search_small_case (test_quotient_lower_bound_search.QuotientLowerBoundSearchTests.test_prime_search_small_case) ... ok
test_rate_to_fraction (test_quotient_lower_bound_search.QuotientLowerBoundSearchTests.test_rate_to_fraction) ... ok
test_rho_quarter_M_225_candidate (test_quotient_lower_bound_search.QuotientLowerBoundSearchTests.test_rho_quarter_M_225_candidate) ... ok
test_enumerate_rs_codeword_count (test_rs_code.RSCodeTests.test_enumerate_rs_codeword_count) ... ok
test_fold_codeword (test_rs_code.RSCodeTests.test_fold_codeword) ... ok
test_interleave_codewords (test_rs_code.RSCodeTests.test_interleave_codewords) ... ok
test_rs_minimum_distance (test_rs_code.RSCodeTests.test_rs_minimum_distance) ... ok
test_baseline_metrics (test_structured_bad_centers.StructuredBadCenterTests.test_baseline_metrics) ... ok
test_boundary_case_marked_at_s_equals_k (test_structured_bad_centers.StructuredBadCenterTests.test_boundary_case_marked_at_s_equals_k) ... ok
test_bruteforce_and_subset_counts_agree (test_structured_bad_centers.StructuredBadCenterTests.test_bruteforce_and_subset_counts_agree) ... ok
test_codeword_center_radius_zero_count_is_one (test_structured_bad_centers.StructuredBadCenterTests.test_codeword_center_radius_zero_count_is_one) ... ok
test_duplicate_monomial_exponents_dedupe (test_structured_bad_centers.StructuredBadCenterTests.test_duplicate_monomial_exponents_dedupe) ... ok
test_folded_count_agrees_with_exact_folded_bruteforce (test_structured_bad_centers.StructuredBadCenterTests.test_folded_count_agrees_with_exact_folded_bruteforce) ... ok
test_generic_ratio_raw_is_unclipped (test_structured_bad_centers.StructuredBadCenterTests.test_generic_ratio_raw_is_unclipped) ... ok
test_lagrange_interpolate_recovers_polynomial (test_structured_bad_centers.StructuredBadCenterTests.test_lagrange_interpolate_recovers_polynomial) ... ok
test_monomial_center (test_structured_bad_centers.StructuredBadCenterTests.test_monomial_center) ... ok
test_search_report_shape (test_structured_bad_centers.StructuredBadCenterTests.test_search_report_shape) ... ok
test_smooth_and_random_domains_are_valid (test_structured_bad_centers.StructuredBadCenterTests.test_smooth_and_random_domains_are_valid) ... ok
test_sparse_center (test_structured_bad_centers.StructuredBadCenterTests.test_sparse_center) ... ok
test_structured_search_does_not_exceed_exact_profile (test_structured_bad_centers.StructuredBadCenterTests.test_structured_search_does_not_exceed_exact_profile) ... ok
test_comparison_and_patterns_smoke (test_triage_search.TriageSearchTests.test_comparison_and_patterns_smoke) ... ok
test_domain_specs_dedupe_coset_shift_inside_subgroup (test_triage_search.TriageSearchTests.test_domain_specs_dedupe_coset_shift_inside_subgroup) ... ok
test_generate_triage_rows_smoke (test_triage_search.TriageSearchTests.test_generate_triage_rows_smoke) ... ok
test_low_k_fiber_classifier_explains_monomial_artifact (test_triage_search.TriageSearchTests.test_low_k_fiber_classifier_explains_monomial_artifact) ... ok
test_pattern_fields (test_triage_search.TriageSearchTests.test_pattern_fields) ... ok
test_pattern_fields_random_uses_raw_and_field_modulus (test_triage_search.TriageSearchTests.test_pattern_fields_random_uses_raw_and_field_modulus) ... ok
test_sampled_count_matches_exact_when_full_subset_space_scanned (test_triage_search.TriageSearchTests.test_sampled_count_matches_exact_when_full_subset_space_scanned) ... ok
test_sampled_index_subsets_deterministic_when_sampled (test_triage_search.TriageSearchTests.test_sampled_index_subsets_deterministic_when_sampled) ... ok
test_sampled_index_subsets_exact_when_budget_suffices (test_triage_search.TriageSearchTests.test_sampled_index_subsets_exact_when_budget_suffices) ... ok
test_sampling_metrics (test_triage_search.TriageSearchTests.test_sampling_metrics) ... ok
test_stable_seed (test_triage_search.TriageSearchTests.test_stable_seed) ... ok
test_center_from_row_reconstructs_monomial (test_triage_validation.TriageValidationTests.test_center_from_row_reconstructs_monomial) ... ok
test_parse_int_list (test_triage_validation.TriageValidationTests.test_parse_int_list) ... ok
test_validate_candidate_smoke (test_triage_validation.TriageValidationTests.test_validate_candidate_smoke) ... ok

----------------------------------------------------------------------
Ran 68 tests in 22.320s

OK
